1eJ4ArSX1VUyR4oqcU3vVcJ6xoN8jIYs
1.000000
All good
